"AbyssGreen" "https://github.com/Itz-Abhishek-Tiwari/AbyssGreen"
"Abyssal-Wave" "https://github.com/Itz-Abhishek-Tiwari/Abyssal-Wave/tree/main"
"Amethyst Aura" "https://github.com/jackpawlik1/Amethyst-Aura"
"BlueSky" "https://github.com/richen604/BlueSky"
"Cat Latte" "https://github.com/rishav12s/Cat-Latte"
"Catppuccin Latte" "https://github.com/HyDE-Project/hyde-themes/tree/Catppuccin-Latte"
"Catppuccin Mocha" "https://github.com/HyDE-Project/hyde-themes/tree/Catppuccin-Mocha"
"Code Garden" "https://github.com/jacobfranco/Code-Garden"
"Cosmic Blue" "https://github.com/Maroc02/Cosmic-Blue"
"Decay Green" "https://github.com/HyDE-Project/hyde-themes/tree/Decay-Green"
"DoomBringers" "https://github.com/xaicat/DoomBringers"
"Edge Runner" "https://github.com/HyDE-Project/hyde-themes/tree/Edge-Runner"
"Frosted Glass" "https://github.com/HyDE-Project/hyde-themes/tree/Frosted-Glass"
"Graphite Mono" "https://github.com/HyDE-Project/hyde-themes/tree/Graphite-Mono"
"Green Lush" "https://github.com/abenezerw/Green-Lush"
"Gruvbox Retro" "https://github.com/HyDE-Project/hyde-themes/tree/Gruvbox-Retro"
"Material Sakura" "https://github.com/HyDE-Project/hyde-themes/tree/Material-Sakura"
"Monokai" "https://github.com/mahaveergurjar/Theme-Gallery/tree/Monokai"
"Moonlight" "https://github.com/Maroc02/Moonlight"
"Nordic Blue" "https://github.com/HyDE-Project/hyde-themes/tree/Nordic-Blue"
"One Dark" "https://github.com/RAprogramm/HyDe-Themes/tree/One-Dark"
"Oxo Carbon" "https://github.com/rishav12s/Oxo-Carbon"
"Paranoid Sweet" "https://github.com/rishav12s/Paranoid-Sweet"
"Pixel Dream" "https://github.com/rishav12s/Pixel-Dream"
"Rain Dark" "https://github.com/rishav12s/Rain-Dark"
"Red Stone" "https://github.com/mahaveergurjar/Theme-Gallery/tree/Red_Stone"
"Rosé Pine" "https://github.com/HyDE-Project/hyde-themes/tree/Rose-Pine"
"Scarlet Night" "https://github.com/abenezerw/Scarlet-Night"
"Synth Wave" "https://github.com/HyDE-Project/hyde-themes/tree/Synth-Wave"
"Tokyo Night" "https://github.com/HyDE-Project/hyde-themes/tree/Tokyo-Night"
"Vanta Black" "https://github.com/rishav12s/Vanta-Black"
